2025-04-09 19:49:32,110 - INFO - [Server] Starting server...
2025-04-09 19:49:32,110 - INFO - [Server] Preparing database...
2025-04-09 19:49:53,531 - INFO - [Server] Loading country map...
2025-04-09 19:49:53,531 - INFO - [Server] Querying data for all countries and regions using threads...
2025-04-09 19:49:53,535 - INFO - [Server] Querying batch: ['ASEAN-5', 'Advanced economies', 'Afghanistan', 'Albania', 'Algeria', 'Angola', 'Antigua and Barbuda', 'Argentina', 'Armenia', 'Aruba', 'Austria', 'Azerbaijan', 'Bahrain', 'Bangladesh', 'Barbados', 'Belarus', 'Belgium', 'Belize', 'Benin', 'Bhutan']
2025-04-09 19:49:53,539 - INFO - [Server] Querying batch: ['Bolivia', 'Bosnia and Herzegovina', 'Botswana', 'Brazil', 'Brunei Darussalam', 'Bulgaria', 'Burkina Faso', 'Burundi', 'Cabo Verde', 'Cambodia', 'Cameroon', 'Canada', 'Central African Republic', 'Chad', 'Chile', 'China', 'Colombia', 'Comoros', 'Costa Rica', 'Croatia']
2025-04-09 19:49:53,539 - INFO - [Server] Querying batch: ['Cyprus', "Côte d'Ivoire", 'Democratic Republic of the Congo', 'Djibouti', 'Dominica', 'Dominican Republic', 'Ecuador', 'Egypt', 'El Salvador', 'Emerging and developing Asia', 'Emerging and developing Europe', 'Emerging market and developing economies', 'Equatorial Guinea', 'Eritrea', 'Estonia', 'Eswatini', 'Ethiopia', 'Euro area', 'European Union', 'Fiji']
2025-04-09 19:49:53,542 - INFO - [Server] Querying batch: ['Finland', 'France', 'Gabon', 'Georgia', 'Germany', 'Ghana', 'Greece', 'Grenada', 'Guatemala', 'Guinea', 'Guinea-Bissau', 'Guyana', 'Haiti', 'Honduras', 'Hungary', 'India', 'Indonesia', 'Iraq', 'Ireland', 'Islamic Republic of Iran']
2025-04-09 19:49:53,542 - INFO - [Server] Querying batch: ['Italy', 'Jamaica', 'Japan', 'Jordan', 'Kazakhstan', 'Kenya', 'Kiribati', 'Kosovo', 'Kuwait', 'Kyrgyz Republic', 'Lao P.D.R.', 'Latin America and the Caribbean', 'Latvia', 'Lebanon', 'Lesotho', 'Liberia', 'Libya', 'Lithuania', 'Luxembourg', 'Madagascar']
2025-04-09 19:49:56,190 - INFO - [Server] Querying batch: ['Major advanced economies (G7)', 'Malawi', 'Malaysia', 'Maldives', 'Mali', 'Malta', 'Marshall Islands', 'Mauritania', 'Mauritius', 'Mexico', 'Micronesia', 'Middle East and Central Asia', 'Moldova', 'Mongolia', 'Montenegro', 'Morocco', 'Mozambique', 'Myanmar', 'Namibia', 'Nauru']
2025-04-09 19:49:56,190 - ERROR - [Error] Failed to query batch ['Finland', 'France', 'Gabon', 'Georgia', 'Germany', 'Ghana', 'Greece', 'Grenada', 'Guatemala', 'Guinea', 'Guinea-Bissau', 'Guyana', 'Haiti', 'Honduras', 'Hungary', 'India', 'Indonesia', 'Iraq', 'Ireland', 'Islamic Republic of Iran']: could not convert string to float: '1,012.843'
2025-04-09 19:49:56,904 - INFO - [Server] Querying batch: ['Nepal', 'Netherlands', 'Nicaragua', 'Niger', 'Nigeria', 'North Macedonia', 'Oman', 'Other advanced economies (Advanced economies excluding G7 and euro area)', 'Pakistan', 'Palau', 'Panama', 'Papua New Guinea', 'Paraguay', 'Peru', 'Philippines', 'Poland', 'Portugal', 'Qatar', 'Republic of Congo', 'Romania']
2025-04-09 19:49:56,904 - ERROR - [Error] Failed to query batch ['ASEAN-5', 'Advanced economies', 'Afghanistan', 'Albania', 'Algeria', 'Angola', 'Antigua and Barbuda', 'Argentina', 'Armenia', 'Aruba', 'Austria', 'Azerbaijan', 'Bahrain', 'Bangladesh', 'Barbados', 'Belarus', 'Belgium', 'Belize', 'Benin', 'Bhutan']: could not convert string to float: '8,480.672'
2025-04-09 19:49:57,615 - INFO - [Server] Querying batch: ['Russia', 'Rwanda', 'Samoa', 'Saudi Arabia', 'Senegal', 'Serbia', 'Seychelles', 'Sierra Leone', 'Slovak Republic', 'Slovenia', 'Solomon Islands', 'Somalia', 'South Africa', 'South Sudan', 'Spain', 'Sri Lanka', 'St. Kitts and Nevis', 'St. Lucia', 'St. Vincent and the Grenadines', 'Sub-Saharan Africa']
2025-04-09 19:49:57,615 - ERROR - [Error] Failed to query batch ['Italy', 'Jamaica', 'Japan', 'Jordan', 'Kazakhstan', 'Kenya', 'Kiribati', 'Kosovo', 'Kuwait', 'Kyrgyz Republic', 'Lao P.D.R.', 'Latin America and the Caribbean', 'Latvia', 'Lebanon', 'Lesotho', 'Liberia', 'Libya', 'Lithuania', 'Luxembourg', 'Madagascar']: could not convert string to float: '1,054.927'
2025-04-09 19:49:57,747 - INFO - [Server] Querying batch: ['Sudan', 'Suriname', 'Syria', 'São Tomé and Príncipe', 'Tajikistan', 'Tanzania', 'Thailand', 'The Bahamas', 'The Gambia', 'Timor-Leste', 'Togo', 'Tonga', 'Trinidad and Tobago', 'Tunisia', 'Turkmenistan', 'Tuvalu', 'Türkiye', 'Uganda', 'Ukraine', 'United Arab Emirates']
2025-04-09 19:49:57,747 - ERROR - [Error] Failed to query batch ['Cyprus', "Côte d'Ivoire", 'Democratic Republic of the Congo', 'Djibouti', 'Dominica', 'Dominican Republic', 'Ecuador', 'Egypt', 'El Salvador', 'Emerging and developing Asia', 'Emerging and developing Europe', 'Emerging market and developing economies', 'Equatorial Guinea', 'Eritrea', 'Estonia', 'Eswatini', 'Ethiopia', 'Euro area', 'European Union', 'Fiji']: could not convert string to float: '6,114.699'
2025-04-09 19:49:59,546 - INFO - [Server] Querying batch: ['United Kingdom', 'United States', 'Uruguay', 'Uzbekistan', 'Vanuatu', 'Venezuela', 'Vietnam', 'West Bank and Gaza', 'World', 'Yemen', 'Zambia', 'Zimbabwe']
2025-04-09 19:49:59,548 - ERROR - [Error] Failed to query batch ['Nepal', 'Netherlands', 'Nicaragua', 'Niger', 'Nigeria', 'North Macedonia', 'Oman', 'Other advanced economies (Advanced economies excluding G7 and euro area)', 'Pakistan', 'Palau', 'Panama', 'Papua New Guinea', 'Paraguay', 'Peru', 'Philippines', 'Poland', 'Portugal', 'Qatar', 'Republic of Congo', 'Romania']: could not convert string to float: '1,002.695'
2025-04-09 19:49:59,676 - ERROR - [Error] Failed to query batch ['Sudan', 'Suriname', 'Syria', 'São Tomé and Príncipe', 'Tajikistan', 'Tanzania', 'Thailand', 'The Bahamas', 'The Gambia', 'Timor-Leste', 'Togo', 'Tonga', 'Trinidad and Tobago', 'Tunisia', 'Turkmenistan', 'Tuvalu', 'Türkiye', 'Uganda', 'Ukraine', 'United Arab Emirates']: could not convert string to float: '1,129.974'
2025-04-09 19:50:00,044 - ERROR - [Error] Failed to query batch ['Bolivia', 'Bosnia and Herzegovina', 'Botswana', 'Brazil', 'Brunei Darussalam', 'Bulgaria', 'Burkina Faso', 'Burundi', 'Cabo Verde', 'Cambodia', 'Cameroon', 'Canada', 'Central African Republic', 'Chad', 'Chile', 'China', 'Colombia', 'Comoros', 'Costa Rica', 'Croatia']: could not convert string to float: '1,107.628'
2025-04-09 19:50:00,135 - ERROR - [Error] Failed to query batch ['Major advanced economies (G7)', 'Malawi', 'Malaysia', 'Maldives', 'Mali', 'Malta', 'Marshall Islands', 'Mauritania', 'Mauritius', 'Mexico', 'Micronesia', 'Middle East and Central Asia', 'Moldova', 'Mongolia', 'Montenegro', 'Morocco', 'Mozambique', 'Myanmar', 'Namibia', 'Nauru']: could not convert string to float: '6,899.738'
2025-04-09 19:50:01,302 - ERROR - [Error] Failed to query batch ['Russia', 'Rwanda', 'Samoa', 'Saudi Arabia', 'Senegal', 'Serbia', 'Seychelles', 'Sierra Leone', 'Slovak Republic', 'Slovenia', 'Solomon Islands', 'Somalia', 'South Africa', 'South Sudan', 'Spain', 'Sri Lanka', 'St. Kitts and Nevis', 'St. Lucia', 'St. Vincent and the Grenadines', 'Sub-Saharan Africa']: could not convert string to float: '1,066.910'
2025-04-09 19:50:02,379 - ERROR - [Error] Failed to query batch ['United Kingdom', 'United States', 'Uruguay', 'Uzbekistan', 'Vanuatu', 'Venezuela', 'Vietnam', 'West Bank and Gaza', 'World', 'Yemen', 'Zambia', 'Zimbabwe']: could not convert string to float: '11,235.818'
2025-04-09 19:50:02,379 - INFO - [Server] Saving cached data...
2025-04-09 19:50:02,388 - INFO - [Server] Cache saved to data_cache.json.
2025-04-09 19:50:02,388 - INFO - [Server] Server started successfully.
2025-04-09 19:51:28,665 - ERROR - [Error] Country 'United Kingdom' not found in cache.
2025-04-09 19:51:28,665 - ERROR - [Error] Country 'Peru' not found in cache.
2025-04-09 19:52:24,372 - ERROR - [Error] Country 'United Kingdom' not found in cache.
2025-04-09 19:55:20,511 - INFO - [Server] Exiting...
2025-04-09 20:02:08,586 - INFO - [Server] Starting server...
2025-04-09 20:02:08,586 - INFO - [Server] Preparing database...
2025-04-09 20:02:30,438 - INFO - [Server] Loading country map...
2025-04-09 20:02:30,438 - INFO - [Server] Querying data for all countries and regions using threads...
2025-04-09 20:02:30,442 - INFO - [Server] Querying batch: ['ASEAN-5', 'Advanced economies', 'Afghanistan', 'Albania', 'Algeria', 'Angola', 'Antigua and Barbuda', 'Argentina', 'Armenia', 'Aruba', 'Austria', 'Azerbaijan', 'Bahrain', 'Bangladesh', 'Barbados', 'Belarus', 'Belgium', 'Belize', 'Benin', 'Bhutan']
2025-04-09 20:02:30,442 - INFO - [Server] Querying batch: ['Bolivia', 'Bosnia and Herzegovina', 'Botswana', 'Brazil', 'Brunei Darussalam', 'Bulgaria', 'Burkina Faso', 'Burundi', 'Cabo Verde', 'Cambodia', 'Cameroon', 'Canada', 'Central African Republic', 'Chad', 'Chile', 'China', 'Colombia', 'Comoros', 'Costa Rica', 'Croatia']
2025-04-09 20:02:30,442 - INFO - [Server] Querying batch: ['Cyprus', "Côte d'Ivoire", 'Democratic Republic of the Congo', 'Djibouti', 'Dominica', 'Dominican Republic', 'Ecuador', 'Egypt', 'El Salvador', 'Emerging and developing Asia', 'Emerging and developing Europe', 'Emerging market and developing economies', 'Equatorial Guinea', 'Eritrea', 'Estonia', 'Eswatini', 'Ethiopia', 'Euro area', 'European Union', 'Fiji']
2025-04-09 20:02:30,446 - INFO - [Server] Querying batch: ['Finland', 'France', 'Gabon', 'Georgia', 'Germany', 'Ghana', 'Greece', 'Grenada', 'Guatemala', 'Guinea', 'Guinea-Bissau', 'Guyana', 'Haiti', 'Honduras', 'Hungary', 'India', 'Indonesia', 'Iraq', 'Ireland', 'Islamic Republic of Iran']
2025-04-09 20:02:30,447 - INFO - [Server] Querying batch: ['Italy', 'Jamaica', 'Japan', 'Jordan', 'Kazakhstan', 'Kenya', 'Kiribati', 'Kosovo', 'Kuwait', 'Kyrgyz Republic', 'Lao P.D.R.', 'Latin America and the Caribbean', 'Latvia', 'Lebanon', 'Lesotho', 'Liberia', 'Libya', 'Lithuania', 'Luxembourg', 'Madagascar']
2025-04-09 20:02:33,289 - INFO - [Server] Querying batch: ['Major advanced economies (G7)', 'Malawi', 'Malaysia', 'Maldives', 'Mali', 'Malta', 'Marshall Islands', 'Mauritania', 'Mauritius', 'Mexico', 'Micronesia', 'Middle East and Central Asia', 'Moldova', 'Mongolia', 'Montenegro', 'Morocco', 'Mozambique', 'Myanmar', 'Namibia', 'Nauru']
2025-04-09 20:02:34,408 - INFO - [Server] Querying batch: ['Nepal', 'Netherlands', 'Nicaragua', 'Niger', 'Nigeria', 'North Macedonia', 'Oman', 'Other advanced economies (Advanced economies excluding G7 and euro area)', 'Pakistan', 'Palau', 'Panama', 'Papua New Guinea', 'Paraguay', 'Peru', 'Philippines', 'Poland', 'Portugal', 'Qatar', 'Republic of Congo', 'Romania']
2025-04-09 20:02:37,114 - INFO - [Server] Querying batch: ['Russia', 'Rwanda', 'Samoa', 'Saudi Arabia', 'Senegal', 'Serbia', 'Seychelles', 'Sierra Leone', 'Slovak Republic', 'Slovenia', 'Solomon Islands', 'Somalia', 'South Africa', 'South Sudan', 'Spain', 'Sri Lanka', 'St. Kitts and Nevis', 'St. Lucia', 'St. Vincent and the Grenadines', 'Sub-Saharan Africa']
2025-04-09 20:02:37,122 - INFO - [Server] Querying batch: ['Sudan', 'Suriname', 'Syria', 'São Tomé and Príncipe', 'Tajikistan', 'Tanzania', 'Thailand', 'The Bahamas', 'The Gambia', 'Timor-Leste', 'Togo', 'Tonga', 'Trinidad and Tobago', 'Tunisia', 'Turkmenistan', 'Tuvalu', 'Türkiye', 'Uganda', 'Ukraine', 'United Arab Emirates']
2025-04-09 20:02:38,094 - INFO - [Server] Querying batch: ['United Kingdom', 'United States', 'Uruguay', 'Uzbekistan', 'Vanuatu', 'Venezuela', 'Vietnam', 'West Bank and Gaza', 'World', 'Yemen', 'Zambia', 'Zimbabwe']
2025-04-09 20:02:45,001 - INFO - [Server] Saving cached data...
2025-04-09 20:02:45,001 - INFO - [Server] Cache saved to data_cache.json.
2025-04-09 20:02:45,001 - INFO - [Server] Server started successfully.
2025-04-09 20:03:32,461 - ERROR - [Error] Failed to generate GDP trend plot.
2025-04-09 20:03:39,125 - ERROR - [Error] Failed to generate GDP trend plot.
2025-04-09 20:03:58,527 - ERROR - [Error] Failed to generate GDP trend plot.
2025-04-09 20:04:04,213 - ERROR - [Error] Failed to generate GDP trend plot.
2025-04-09 20:04:10,297 - ERROR - [Error] Failed to generate GDP trend plot.
2025-04-09 20:10:53,620 - INFO - [Server] Exiting...
2025-04-09 20:12:48,692 - INFO - [Server] Starting server...
2025-04-09 20:12:48,692 - INFO - [Server] Preparing database...
2025-04-09 20:13:12,090 - INFO - [Server] Loading country map...
2025-04-09 20:13:12,090 - INFO - [Server] Querying data for all countries and regions using threads...
2025-04-09 20:13:12,090 - INFO - [Server] Querying batch: ['ASEAN-5', 'Advanced economies', 'Afghanistan', 'Albania', 'Algeria', 'Angola', 'Antigua and Barbuda', 'Argentina', 'Armenia', 'Aruba', 'Austria', 'Azerbaijan', 'Bahrain', 'Bangladesh', 'Barbados', 'Belarus', 'Belgium', 'Belize', 'Benin', 'Bhutan']
2025-04-09 20:13:12,090 - INFO - [Server] Querying batch: ['Bolivia', 'Bosnia and Herzegovina', 'Botswana', 'Brazil', 'Brunei Darussalam', 'Bulgaria', 'Burkina Faso', 'Burundi', 'Cabo Verde', 'Cambodia', 'Cameroon', 'Canada', 'Central African Republic', 'Chad', 'Chile', 'China', 'Colombia', 'Comoros', 'Costa Rica', 'Croatia']
2025-04-09 20:13:12,090 - INFO - [Server] Querying batch: ['Cyprus', "Côte d'Ivoire", 'Democratic Republic of the Congo', 'Djibouti', 'Dominica', 'Dominican Republic', 'Ecuador', 'Egypt', 'El Salvador', 'Emerging and developing Asia', 'Emerging and developing Europe', 'Emerging market and developing economies', 'Equatorial Guinea', 'Eritrea', 'Estonia', 'Eswatini', 'Ethiopia', 'Euro area', 'European Union', 'Fiji']
2025-04-09 20:13:12,093 - INFO - [Server] Querying batch: ['Finland', 'France', 'Gabon', 'Georgia', 'Germany', 'Ghana', 'Greece', 'Grenada', 'Guatemala', 'Guinea', 'Guinea-Bissau', 'Guyana', 'Haiti', 'Honduras', 'Hungary', 'India', 'Indonesia', 'Iraq', 'Ireland', 'Islamic Republic of Iran']
2025-04-09 20:13:12,094 - INFO - [Server] Querying batch: ['Italy', 'Jamaica', 'Japan', 'Jordan', 'Kazakhstan', 'Kenya', 'Kiribati', 'Kosovo', 'Kuwait', 'Kyrgyz Republic', 'Lao P.D.R.', 'Latin America and the Caribbean', 'Latvia', 'Lebanon', 'Lesotho', 'Liberia', 'Libya', 'Lithuania', 'Luxembourg', 'Madagascar']
2025-04-09 20:13:13,609 - INFO - [Server] Querying batch: ['Major advanced economies (G7)', 'Malawi', 'Malaysia', 'Maldives', 'Mali', 'Malta', 'Marshall Islands', 'Mauritania', 'Mauritius', 'Mexico', 'Micronesia', 'Middle East and Central Asia', 'Moldova', 'Mongolia', 'Montenegro', 'Morocco', 'Mozambique', 'Myanmar', 'Namibia', 'Nauru']
2025-04-09 20:13:14,924 - INFO - [Server] Querying batch: ['Nepal', 'Netherlands', 'Nicaragua', 'Niger', 'Nigeria', 'North Macedonia', 'Oman', 'Other advanced economies (Advanced economies excluding G7 and euro area)', 'Pakistan', 'Palau', 'Panama', 'Papua New Guinea', 'Paraguay', 'Peru', 'Philippines', 'Poland', 'Portugal', 'Qatar', 'Republic of Congo', 'Romania']
2025-04-09 20:13:15,462 - INFO - [Server] Querying batch: ['Russia', 'Rwanda', 'Samoa', 'Saudi Arabia', 'Senegal', 'Serbia', 'Seychelles', 'Sierra Leone', 'Slovak Republic', 'Slovenia', 'Solomon Islands', 'Somalia', 'South Africa', 'South Sudan', 'Spain', 'Sri Lanka', 'St. Kitts and Nevis', 'St. Lucia', 'St. Vincent and the Grenadines', 'Sub-Saharan Africa']
2025-04-09 20:13:16,284 - INFO - [Server] Querying batch: ['Sudan', 'Suriname', 'Syria', 'São Tomé and Príncipe', 'Tajikistan', 'Tanzania', 'Thailand', 'The Bahamas', 'The Gambia', 'Timor-Leste', 'Togo', 'Tonga', 'Trinidad and Tobago', 'Tunisia', 'Turkmenistan', 'Tuvalu', 'Türkiye', 'Uganda', 'Ukraine', 'United Arab Emirates']
2025-04-09 20:13:16,990 - INFO - [Server] Querying batch: ['United Kingdom', 'United States', 'Uruguay', 'Uzbekistan', 'Vanuatu', 'Venezuela', 'Vietnam', 'West Bank and Gaza', 'World', 'Yemen', 'Zambia', 'Zimbabwe']
2025-04-09 20:13:22,044 - INFO - [Server] Saving cached data...
2025-04-09 20:13:22,054 - INFO - [Server] Cache saved to data_cache.json.
2025-04-09 20:13:22,054 - INFO - [Server] Server started successfully.
2025-04-09 20:14:10,932 - INFO - [Server] Exiting...
2025-04-09 20:38:18,710 - INFO - [Server] Starting server...
2025-04-09 20:38:18,710 - INFO - [Server] Preparing database...
2025-04-09 20:38:18,710 - INFO - [Server] Loading country map...
2025-04-09 20:38:18,714 - INFO - [Server] Querying data for all countries and regions using threads...
2025-04-09 20:38:18,714 - INFO - [Server] Saving cached data...
2025-04-09 20:38:18,714 - INFO - [Server] Loading cached data...
2025-04-09 20:38:18,715 - INFO - [Server] Server started successfully.
2025-04-09 20:38:47,057 - INFO - [Server] Exiting...
2025-04-09 20:40:26,435 - INFO - HTTP Request: GET http://127.0.0.1:7860/gradio_api/startup-events "HTTP/1.1 200 OK"
2025-04-09 20:40:26,451 - INFO - HTTP Request: HEAD http://127.0.0.1:7860/ "HTTP/1.1 200 OK"
2025-04-09 20:40:27,187 - INFO - HTTP Request: GET https://api.gradio.app/pkg-version "HTTP/1.1 200 OK"
2025-04-09 20:45:37,489 - INFO - [Server] Starting server...
2025-04-09 20:45:37,490 - INFO - [Server] Preparing database...
2025-04-09 20:45:37,490 - INFO - [Server] Loading country map...
2025-04-09 20:45:37,490 - INFO - [Server] Querying data for all countries and regions using threads...
2025-04-09 20:45:37,490 - INFO - [Server] Saving cached data...
2025-04-09 20:45:37,493 - INFO - [Server] Loading cached data...
2025-04-09 20:45:37,498 - INFO - [Server] Server started successfully.
2025-04-09 20:47:39,002 - INFO - [Server] Starting server...
2025-04-09 20:47:39,002 - INFO - [Server] Preparing database...
2025-04-09 20:47:39,007 - INFO - [Server] Loading country map...
2025-04-09 20:47:39,007 - INFO - [Server] Querying data for all countries and regions using threads...
2025-04-09 20:47:39,022 - INFO - [Server] Saving cached data...
2025-04-09 20:47:39,051 - INFO - [Server] Loading cached data...
2025-04-09 20:47:39,071 - INFO - [Server] Server started successfully.
2025-04-09 20:47:39,153 - INFO - HTTP Request: GET http://127.0.0.1:7860/gradio_api/startup-events "HTTP/1.1 200 OK"
2025-04-09 20:47:39,186 - INFO - HTTP Request: HEAD http://127.0.0.1:7860/ "HTTP/1.1 200 OK"
2025-04-09 20:47:39,957 - INFO - HTTP Request: GET https://api.gradio.app/pkg-version "HTTP/1.1 200 OK"
2025-04-09 21:08:12,074 - INFO - HTTP Request: GET https://api.gradio.app/pkg-version "HTTP/1.1 200 OK"
2025-04-09 21:10:02,025 - INFO - [Server] Starting server...
2025-04-09 21:10:02,025 - INFO - [Server] Preparing database...
2025-04-09 21:10:02,025 - INFO - [Server] Loading country map...
2025-04-09 21:10:02,025 - INFO - [Server] Querying data for all countries and regions using threads...
2025-04-09 21:10:02,027 - INFO - [Server] Saving cached data...
2025-04-09 21:10:02,045 - INFO - [Server] Loading cached data...
2025-04-09 21:10:02,087 - INFO - [Server] Server started successfully.
2025-04-09 21:10:02,159 - INFO - HTTP Request: GET http://127.0.0.1:7860/gradio_api/startup-events "HTTP/1.1 200 OK"
2025-04-09 21:10:02,183 - INFO - HTTP Request: HEAD http://127.0.0.1:7860/ "HTTP/1.1 200 OK"
2025-04-09 21:10:03,149 - INFO - HTTP Request: GET https://api.gradio.app/pkg-version "HTTP/1.1 200 OK"
2025-04-09 21:22:44,476 - INFO - Creating Gradio interface.
2025-04-09 21:22:44,537 - INFO - Gradio interface created successfully.
2025-04-09 21:22:44,541 - INFO - [Server] Starting server...
2025-04-09 21:22:44,541 - INFO - [Server] Preparing database...
2025-04-09 21:22:44,541 - INFO - [Server] Loading country map...
2025-04-09 21:22:44,541 - INFO - Launching Gradio interface.
2025-04-09 21:22:44,541 - INFO - [Server] Querying data for all countries and regions using threads...
2025-04-09 21:22:44,544 - INFO - [Server] Saving cached data...
2025-04-09 21:22:44,544 - INFO - [Server] Loading cached data...
2025-04-09 21:22:44,545 - INFO - [Server] Server started successfully.
2025-04-09 21:22:44,602 - INFO - Creating Gradio interface.
2025-04-09 21:22:44,662 - INFO - Gradio interface created successfully.
2025-04-09 21:22:44,856 - INFO - HTTP Request: GET http://127.0.0.1:7860/gradio_api/startup-events "HTTP/1.1 200 OK"
2025-04-09 21:22:44,892 - INFO - HTTP Request: HEAD http://127.0.0.1:7860/ "HTTP/1.1 200 OK"
2025-04-09 21:22:45,528 - INFO - HTTP Request: GET https://api.gradio.app/pkg-version "HTTP/1.1 200 OK"
2025-04-09 21:22:45,554 - INFO - HTTP Request: GET https://api.gradio.app/pkg-version "HTTP/1.1 200 OK"
2025-04-09 21:23:30,080 - INFO - Stopping Gradio interface.
2025-04-09 21:23:30,084 - INFO - Gradio interface stopped.
2025-04-09 21:23:30,084 - INFO - [Server] Stopping server...
2025-04-09 21:29:03,526 - INFO - HTTP Request: GET https://api.gradio.app/pkg-version "HTTP/1.1 200 OK"
2025-04-09 21:30:34,470 - INFO - Creating Gradio interface.
2025-04-09 21:30:34,536 - INFO - Gradio interface created successfully.
2025-04-09 21:30:34,540 - INFO - [Server] Starting server...
2025-04-09 21:30:34,540 - INFO - [Server] Preparing database...
2025-04-09 21:30:34,540 - INFO - Launching Gradio interface.
2025-04-09 21:30:34,540 - INFO - [Server] Loading country map...
2025-04-09 21:30:34,544 - INFO - [Server] Querying data for all countries and regions using threads...
2025-04-09 21:30:34,544 - INFO - [Server] Saving cached data...
2025-04-09 21:30:34,544 - INFO - [Server] Loading cached data...
2025-04-09 21:30:34,568 - INFO - [Server] Server started successfully.
2025-04-09 21:30:34,612 - INFO - Creating Gradio interface.
2025-04-09 21:30:34,677 - INFO - Gradio interface created successfully.
2025-04-09 21:30:35,491 - INFO - HTTP Request: GET https://api.gradio.app/pkg-version "HTTP/1.1 200 OK"
2025-04-09 21:30:35,750 - INFO - HTTP Request: GET https://api.gradio.app/pkg-version "HTTP/1.1 200 OK"
2025-04-09 21:31:11,013 - INFO - Creating Gradio interface.
2025-04-09 21:31:11,082 - INFO - Gradio interface created successfully.
2025-04-09 21:31:11,086 - INFO - [Server] Starting server...
2025-04-09 21:31:11,086 - INFO - Launching Gradio interface.
2025-04-09 21:31:11,086 - INFO - [Server] Preparing database...
2025-04-09 21:31:11,086 - INFO - [Server] Loading country map...
2025-04-09 21:31:11,086 - INFO - [Server] Querying data for all countries and regions using threads...
2025-04-09 21:31:11,086 - INFO - [Server] Saving cached data...
2025-04-09 21:31:11,086 - INFO - [Server] Loading cached data...
2025-04-09 21:31:11,092 - INFO - [Server] Server started successfully.
2025-04-09 21:31:11,150 - INFO - Creating Gradio interface.
2025-04-09 21:31:11,214 - INFO - Gradio interface created successfully.
2025-04-09 21:31:11,980 - INFO - HTTP Request: GET https://api.gradio.app/pkg-version "HTTP/1.1 200 OK"
2025-04-09 21:31:12,130 - INFO - HTTP Request: GET https://api.gradio.app/pkg-version "HTTP/1.1 200 OK"
2025-04-09 21:31:32,489 - INFO - Creating Gradio interface.
2025-04-09 21:31:32,554 - INFO - Gradio interface created successfully.
2025-04-09 21:31:32,575 - INFO - [Server] Starting server...
2025-04-09 21:31:32,575 - INFO - Launching Gradio interface.
2025-04-09 21:31:32,575 - INFO - [Server] Preparing database...
2025-04-09 21:31:32,575 - INFO - [Server] Loading country map...
2025-04-09 21:31:32,575 - INFO - [Server] Querying data for all countries and regions using threads...
2025-04-09 21:31:32,580 - INFO - [Server] Saving cached data...
2025-04-09 21:31:32,607 - INFO - [Server] Loading cached data...
2025-04-09 21:31:32,639 - INFO - Creating Gradio interface.
2025-04-09 21:31:32,643 - INFO - [Server] Server started successfully.
2025-04-09 21:31:32,711 - INFO - Gradio interface created successfully.
2025-04-09 21:31:32,908 - INFO - HTTP Request: GET http://127.0.0.1:7860/gradio_api/startup-events "HTTP/1.1 200 OK"
2025-04-09 21:31:32,953 - INFO - HTTP Request: HEAD http://127.0.0.1:7860/ "HTTP/1.1 200 OK"
2025-04-09 21:31:33,402 - INFO - HTTP Request: GET https://api.gradio.app/pkg-version "HTTP/1.1 200 OK"
2025-04-09 21:31:33,574 - INFO - HTTP Request: GET https://api.gradio.app/pkg-version "HTTP/1.1 200 OK"
2025-04-09 21:34:28,388 - INFO - Creating Gradio interface.
2025-04-09 21:34:28,477 - INFO - Gradio interface created successfully.
2025-04-09 21:34:28,480 - INFO - [Server] Starting server...
2025-04-09 21:34:28,480 - INFO - Launching Gradio interface.
2025-04-09 21:34:28,481 - INFO - [Server] Preparing database...
2025-04-09 21:34:28,481 - INFO - [Server] Loading country map...
2025-04-09 21:34:28,484 - INFO - [Server] Querying data for all countries and regions using threads...
2025-04-09 21:34:28,484 - INFO - [Server] Saving cached data...
2025-04-09 21:34:28,484 - INFO - [Server] Loading cached data...
2025-04-09 21:34:28,493 - INFO - [Server] Server started successfully.
2025-04-09 21:34:28,581 - INFO - Creating Gradio interface.
2025-04-09 21:34:28,672 - INFO - Gradio interface created successfully.
2025-04-09 21:34:28,931 - INFO - HTTP Request: GET http://127.0.0.1:7860/gradio_api/startup-events "HTTP/1.1 200 OK"
2025-04-09 21:34:28,968 - INFO - HTTP Request: HEAD http://127.0.0.1:7860/ "HTTP/1.1 200 OK"
2025-04-09 21:34:29,278 - INFO - HTTP Request: GET https://api.gradio.app/pkg-version "HTTP/1.1 200 OK"
2025-04-09 21:34:29,520 - INFO - HTTP Request: GET https://api.gradio.app/pkg-version "HTTP/1.1 200 OK"
2025-04-09 21:35:28,950 - INFO - Stopping Gradio interface.
2025-04-09 21:35:28,950 - INFO - Gradio interface stopped.
2025-04-09 21:35:28,950 - INFO - [Server] Stopping server...
2025-04-09 21:38:18,513 - INFO - Creating Gradio interface.
2025-04-09 21:38:18,590 - INFO - Gradio interface created successfully.
2025-04-09 21:38:18,590 - INFO - [Server] Starting server...
2025-04-09 21:38:18,590 - INFO - Launching Gradio interface.
2025-04-09 21:38:18,590 - INFO - [Server] Preparing database...
2025-04-09 21:38:18,594 - INFO - [Server] Loading country map...
2025-04-09 21:38:18,594 - INFO - [Server] Querying data for all countries and regions using threads...
2025-04-09 21:38:18,598 - INFO - [Server] Saving cached data...
2025-04-09 21:38:18,598 - INFO - [Server] Loading cached data...
2025-04-09 21:38:18,606 - INFO - [Server] Server started successfully.
2025-04-09 21:38:18,671 - INFO - Creating Gradio interface.
2025-04-09 21:38:18,744 - INFO - Gradio interface created successfully.
2025-04-09 21:38:18,902 - INFO - HTTP Request: GET http://127.0.0.1:7860/gradio_api/startup-events "HTTP/1.1 200 OK"
2025-04-09 21:38:18,943 - INFO - HTTP Request: HEAD http://127.0.0.1:7860/ "HTTP/1.1 200 OK"
2025-04-09 21:38:19,489 - INFO - HTTP Request: GET https://api.gradio.app/pkg-version "HTTP/1.1 200 OK"
2025-04-09 21:38:19,730 - INFO - HTTP Request: GET https://api.gradio.app/pkg-version "HTTP/1.1 200 OK"
2025-04-09 21:38:37,814 - INFO - Stopping Gradio interface.
2025-04-09 21:38:37,814 - INFO - Gradio interface stopped.
2025-04-09 21:38:37,818 - INFO - [Server] Stopping server...
2025-04-09 21:42:22,275 - INFO - [Server] Starting server...
2025-04-09 21:42:22,278 - INFO - [Server] Preparing database...
2025-04-09 21:42:22,279 - INFO - [Server] Loading country map...
2025-04-09 21:42:22,280 - INFO - [Server] Querying data for all countries and regions using threads...
2025-04-09 21:42:22,280 - INFO - [Server] Saving cached data...
2025-04-09 21:42:22,282 - INFO - [Server] Loading cached data...
2025-04-09 21:42:22,290 - INFO - [Server] Server started successfully.
2025-04-09 21:42:22,711 - INFO - HTTP Request: GET http://127.0.0.1:7860/gradio_api/startup-events "HTTP/1.1 200 OK"
2025-04-09 21:42:22,736 - INFO - HTTP Request: HEAD http://127.0.0.1:7860/ "HTTP/1.1 200 OK"
2025-04-09 21:42:23,258 - INFO - HTTP Request: GET https://api.gradio.app/pkg-version "HTTP/1.1 200 OK"
2025-04-09 21:42:23,456 - INFO - HTTP Request: GET https://api.gradio.app/pkg-version "HTTP/1.1 200 OK"
2025-04-09 21:45:21,826 - INFO - Creating Gradio interface.
2025-04-09 21:45:21,936 - INFO - Gradio interface created successfully.
2025-04-09 21:45:21,936 - INFO - Launching Gradio interface.
2025-04-09 21:45:21,940 - INFO - [Server] Starting server...
2025-04-09 21:45:21,940 - INFO - [Server] Preparing database...
2025-04-09 21:45:21,940 - INFO - [Server] Loading country map...
2025-04-09 21:45:21,940 - INFO - [Server] Querying data for all countries and regions using threads...
2025-04-09 21:45:21,940 - INFO - [Server] Saving cached data...
2025-04-09 21:45:21,940 - INFO - [Server] Loading cached data...
2025-04-09 21:45:21,944 - INFO - [Server] Server started successfully.
2025-04-09 21:45:22,053 - INFO - Creating Gradio interface.
2025-04-09 21:45:22,171 - INFO - Gradio interface created successfully.
2025-04-09 21:45:22,433 - INFO - HTTP Request: GET http://127.0.0.1:7860/gradio_api/startup-events "HTTP/1.1 200 OK"
2025-04-09 21:45:22,486 - INFO - HTTP Request: HEAD http://127.0.0.1:7860/ "HTTP/1.1 200 OK"
2025-04-09 21:45:22,840 - INFO - HTTP Request: GET https://api.gradio.app/pkg-version "HTTP/1.1 200 OK"
2025-04-09 21:45:23,148 - INFO - HTTP Request: GET https://api.gradio.app/pkg-version "HTTP/1.1 200 OK"
2025-04-09 21:45:33,885 - INFO - Stopping Gradio interface.
2025-04-09 21:45:33,886 - INFO - Gradio interface stopped.
2025-04-09 21:45:33,887 - INFO - [Server] Stopping server...
2025-04-09 21:46:23,852 - INFO - Creating Gradio interface.
2025-04-09 21:46:23,961 - INFO - Gradio interface created successfully.
2025-04-09 21:46:23,965 - INFO - Launching Gradio interface.
2025-04-09 21:46:23,965 - INFO - [Server] Starting server...
2025-04-09 21:46:23,969 - INFO - [Server] Preparing database...
2025-04-09 21:46:23,973 - INFO - [Server] Loading country map...
2025-04-09 21:46:23,973 - INFO - [Server] Querying data for all countries and regions using threads...
2025-04-09 21:46:23,973 - INFO - [Server] Saving cached data...
2025-04-09 21:46:23,973 - INFO - [Server] Loading cached data...
2025-04-09 21:46:23,977 - INFO - [Server] Server started successfully.
2025-04-09 21:46:24,085 - INFO - Creating Gradio interface.
2025-04-09 21:46:24,199 - INFO - Gradio interface created successfully.
2025-04-09 21:46:24,407 - INFO - HTTP Request: GET http://127.0.0.1:7860/gradio_api/startup-events "HTTP/1.1 200 OK"
2025-04-09 21:46:24,461 - INFO - HTTP Request: HEAD http://127.0.0.1:7860/ "HTTP/1.1 200 OK"
2025-04-09 21:46:24,808 - INFO - HTTP Request: GET https://api.gradio.app/pkg-version "HTTP/1.1 200 OK"
2025-04-09 21:46:25,025 - INFO - HTTP Request: GET https://api.gradio.app/pkg-version "HTTP/1.1 200 OK"
2025-04-09 21:47:23,249 - INFO - [Server] Starting server...
2025-04-09 21:47:23,269 - INFO - [Server] Preparing database...
2025-04-09 21:47:23,285 - INFO - [Server] Loading country map...
2025-04-09 21:47:23,314 - INFO - [Server] Querying data for all countries and regions using threads...
2025-04-09 21:47:23,335 - INFO - [Server] Saving cached data...
2025-04-09 21:47:23,339 - INFO - [Server] Loading cached data...
2025-04-09 21:47:23,344 - INFO - [Server] Server started successfully.
2025-04-09 21:47:23,458 - INFO - HTTP Request: GET http://127.0.0.1:7860/gradio_api/startup-events "HTTP/1.1 200 OK"
2025-04-09 21:47:23,482 - INFO - HTTP Request: HEAD http://127.0.0.1:7860/ "HTTP/1.1 200 OK"
2025-04-09 21:47:24,252 - INFO - HTTP Request: GET https://api.gradio.app/pkg-version "HTTP/1.1 200 OK"
2025-04-09 22:05:28,776 - INFO - [Server] Starting server...
2025-04-09 22:05:28,778 - INFO - [Server] Preparing database...
2025-04-09 22:05:28,778 - INFO - [Server] Loading country map...
2025-04-09 22:05:28,809 - INFO - [Server] Querying data for all countries and regions using threads...
2025-04-09 22:05:28,814 - INFO - [Server] Saving cached data...
2025-04-09 22:05:28,814 - INFO - [Server] Loading cached data...
2025-04-09 22:05:28,816 - INFO - [Server] Server started successfully.
2025-04-09 22:05:28,880 - INFO - HTTP Request: GET http://127.0.0.1:7860/gradio_api/startup-events "HTTP/1.1 200 OK"
2025-04-09 22:05:28,917 - INFO - HTTP Request: HEAD http://127.0.0.1:7860/ "HTTP/1.1 200 OK"
2025-04-09 22:05:29,870 - INFO - HTTP Request: GET https://api.gradio.app/pkg-version "HTTP/1.1 200 OK"
2025-04-09 22:08:13,913 - INFO - [Server] Starting server...
2025-04-09 22:08:13,913 - INFO - [Server] Preparing database...
2025-04-09 22:08:13,915 - INFO - [Server] Loading country map...
2025-04-09 22:08:13,915 - INFO - [Server] Querying data for all countries and regions using threads...
2025-04-09 22:08:13,944 - INFO - [Server] Saving cached data...
2025-04-09 22:08:13,951 - INFO - [Server] Loading cached data...
2025-04-09 22:08:13,953 - INFO - [Server] Server started successfully.
2025-04-09 22:08:14,016 - INFO - HTTP Request: GET http://127.0.0.1:7860/gradio_api/startup-events "HTTP/1.1 200 OK"
2025-04-09 22:08:14,035 - INFO - HTTP Request: HEAD http://127.0.0.1:7860/ "HTTP/1.1 200 OK"
2025-04-09 22:08:14,873 - INFO - HTTP Request: GET https://api.gradio.app/pkg-version "HTTP/1.1 200 OK"
2025-04-09 22:13:05,007 - INFO - [Server] Starting server...
2025-04-09 22:13:05,020 - INFO - [Server] Preparing database...
2025-04-09 22:13:05,044 - INFO - [Server] Loading country map...
2025-04-09 22:13:05,044 - INFO - [Server] Querying data for all countries and regions using threads...
2025-04-09 22:13:05,044 - INFO - [Server] Saving cached data...
2025-04-09 22:13:05,044 - INFO - [Server] Loading cached data...
2025-04-09 22:13:05,046 - INFO - [Server] Server started successfully.
2025-04-09 22:13:05,109 - INFO - HTTP Request: GET http://127.0.0.1:7860/gradio_api/startup-events "HTTP/1.1 200 OK"
2025-04-09 22:13:05,140 - INFO - HTTP Request: HEAD http://127.0.0.1:7860/ "HTTP/1.1 200 OK"
2025-04-09 22:13:06,083 - INFO - HTTP Request: GET https://api.gradio.app/pkg-version "HTTP/1.1 200 OK"
2025-04-09 22:17:05,400 - INFO - HTTP Request: GET https://api.gradio.app/pkg-version "HTTP/1.1 200 OK"
2025-04-09 22:18:20,962 - INFO - 启动 Gradio 界面。
2025-04-09 22:18:20,964 - INFO - [Server] Starting server...
2025-04-09 22:18:20,965 - INFO - [Server] Preparing database...
2025-04-09 22:18:20,978 - INFO - [Server] Loading country map...
2025-04-09 22:18:20,999 - INFO - [Server] Querying data for all countries and regions using threads...
2025-04-09 22:18:20,999 - INFO - [Server] Saving cached data...
2025-04-09 22:18:21,000 - INFO - [Server] Loading cached data...
2025-04-09 22:18:21,001 - INFO - [Server] Server started successfully.
2025-04-09 22:18:21,048 - INFO - HTTP Request: GET http://127.0.0.1:7860/gradio_api/startup-events "HTTP/1.1 200 OK"
2025-04-09 22:18:21,080 - INFO - HTTP Request: HEAD http://127.0.0.1:7860/ "HTTP/1.1 200 OK"
2025-04-09 22:18:22,113 - INFO - HTTP Request: GET https://api.gradio.app/pkg-version "HTTP/1.1 200 OK"
2025-04-09 22:18:32,581 - INFO - 更新国家名称列表。
2025-04-09 22:18:47,957 - INFO - 查询 GDP 趋势图，国家：['Bangladesh', 'Belgium', 'Belarus', 'Barbados', 'Bahrain', 'Belize', 'Bhutan']，年份范围：1980-1994
2025-04-09 22:19:59,818 - INFO - 检测到中断信号，正在关闭服务...
2025-04-09 22:19:59,818 - INFO - [Server] Stopping server...
2025-04-09 22:19:59,819 - INFO - 服务已关闭。
2025-04-09 22:23:51,468 - INFO - [Server] Starting server...
2025-04-09 22:23:51,468 - INFO - [Server] Preparing database...
2025-04-09 22:23:51,468 - INFO - [Server] Loading country map...
2025-04-09 22:23:51,468 - INFO - 启动 Gradio 界面。
2025-04-09 22:23:51,468 - INFO - [Server] Querying data for all countries and regions using threads...
2025-04-09 22:23:51,469 - INFO - [Server] Saving cached data...
2025-04-09 22:23:51,470 - INFO - [Server] Loading cached data...
2025-04-09 22:23:51,472 - INFO - [Server] Server started successfully.
2025-04-09 22:23:51,568 - INFO - HTTP Request: GET http://127.0.0.1:7860/gradio_api/startup-events "HTTP/1.1 200 OK"
2025-04-09 22:23:51,602 - INFO - HTTP Request: HEAD http://127.0.0.1:7860/ "HTTP/1.1 200 OK"
2025-04-09 22:23:52,691 - INFO - HTTP Request: GET https://api.gradio.app/pkg-version "HTTP/1.1 200 OK"
2025-04-09 22:23:57,087 - INFO - 检测到中断信号，正在关闭服务...
2025-04-09 22:23:57,087 - INFO - [Server] Stopping server...
2025-04-09 22:23:57,087 - INFO - 服务已关闭。
2025-04-09 22:23:57,087 - INFO - 所有异步任务已取消。
2025-04-09 22:25:28,092 - INFO - [Server] Starting server...
2025-04-09 22:25:28,093 - INFO - [Server] Preparing database...
2025-04-09 22:25:28,093 - INFO - [Server] Loading country map...
2025-04-09 22:25:28,093 - INFO - 启动 Gradio 界面。
2025-04-09 22:25:28,093 - INFO - [Server] Querying data for all countries and regions using threads...
2025-04-09 22:25:28,094 - INFO - [Server] Saving cached data...
2025-04-09 22:25:28,123 - INFO - [Server] Loading cached data...
2025-04-09 22:25:28,134 - INFO - [Server] Server started successfully.
2025-04-09 22:25:28,179 - INFO - HTTP Request: GET http://127.0.0.1:7860/gradio_api/startup-events "HTTP/1.1 200 OK"
2025-04-09 22:25:28,215 - INFO - HTTP Request: HEAD http://127.0.0.1:7860/ "HTTP/1.1 200 OK"
2025-04-09 22:25:29,267 - INFO - HTTP Request: GET https://api.gradio.app/pkg-version "HTTP/1.1 200 OK"
2025-04-09 22:25:33,148 - INFO - 检测到中断信号，正在关闭服务...
2025-04-09 22:25:33,148 - INFO - [Server] Stopping server...
2025-04-09 22:25:33,148 - INFO - 服务已关闭。
2025-04-09 22:25:33,148 - INFO - 所有异步任务已取消。
2025-04-09 22:28:02,804 - INFO - [Server] Starting server...
2025-04-09 22:28:02,804 - INFO - 启动 Gradio 界面。
2025-04-09 22:28:02,804 - INFO - [Server] Preparing database...
2025-04-09 22:28:02,805 - INFO - [Server] Loading country map...
2025-04-09 22:28:02,805 - INFO - [Server] Querying data for all countries and regions using threads...
2025-04-09 22:28:02,806 - INFO - [Server] Saving cached data...
2025-04-09 22:28:02,819 - INFO - [Server] Loading cached data...
2025-04-09 22:28:02,843 - INFO - [Server] Server started successfully.
2025-04-09 22:28:02,890 - INFO - HTTP Request: GET http://127.0.0.1:7860/gradio_api/startup-events "HTTP/1.1 200 OK"
2025-04-09 22:28:02,923 - INFO - HTTP Request: HEAD http://127.0.0.1:7860/ "HTTP/1.1 200 OK"
2025-04-09 22:28:03,977 - INFO - HTTP Request: GET https://api.gradio.app/pkg-version "HTTP/1.1 200 OK"
2025-04-09 22:28:07,809 - INFO - 检测到中断信号，正在关闭服务...
2025-04-09 22:28:07,809 - INFO - [Server] Stopping server...
2025-04-09 22:28:07,810 - INFO - 服务已关闭。
2025-04-09 22:40:45,851 - INFO - [Server] Starting server...
2025-04-09 22:40:45,851 - INFO - 启动 Gradio 界面。
2025-04-09 22:40:45,851 - INFO - [Server] Preparing database...
2025-04-09 22:40:45,852 - INFO - [Server] Loading country map...
2025-04-09 22:40:45,853 - INFO - [Server] Querying data for all countries and regions using threads...
2025-04-09 22:40:45,866 - INFO - [Server] Saving cached data...
2025-04-09 22:40:45,882 - INFO - [Server] Loading cached data...
2025-04-09 22:40:45,892 - INFO - [Server] Server started successfully.
2025-04-09 22:40:45,939 - INFO - HTTP Request: GET http://127.0.0.1:7860/gradio_api/startup-events "HTTP/1.1 200 OK"
2025-04-09 22:40:45,973 - INFO - HTTP Request: HEAD http://127.0.0.1:7860/ "HTTP/1.1 200 OK"
2025-04-09 22:40:46,704 - INFO - HTTP Request: GET https://api.gradio.app/pkg-version "HTTP/1.1 200 OK"
2025-04-09 22:40:53,046 - INFO - 更新国家名称列表。
2025-04-09 22:40:57,916 - INFO - 检测到中断信号，正在关闭服务...
2025-04-09 22:40:57,917 - INFO - [Server] Stopping server...
2025-04-09 22:40:57,917 - INFO - 服务已关闭。
2025-04-09 22:40:57,917 - INFO - 所有异步任务已取消。
2025-04-09 22:54:23,339 - INFO - [Server] Starting server...
2025-04-09 22:54:23,340 - INFO - 启动 Gradio 界面。
2025-04-09 22:54:23,340 - INFO - [Server] Preparing database...
2025-04-09 22:54:23,340 - INFO - [Server] Loading country map...
2025-04-09 22:54:23,342 - INFO - [Server] Querying data for all countries and regions using threads...
2025-04-09 22:54:23,354 - INFO - [Server] Saving cached data...
2025-04-09 22:54:23,379 - INFO - [Server] Loading cached data...
2025-04-09 22:54:23,381 - INFO - [Server] Server started successfully.
2025-04-09 22:54:23,424 - INFO - HTTP Request: GET http://127.0.0.1:7860/gradio_api/startup-events "HTTP/1.1 200 OK"
2025-04-09 22:54:23,459 - INFO - HTTP Request: HEAD http://127.0.0.1:7860/ "HTTP/1.1 200 OK"
2025-04-09 22:54:24,447 - INFO - HTTP Request: GET https://api.gradio.app/pkg-version "HTTP/1.1 200 OK"
2025-04-09 22:54:32,722 - INFO - 更新国家名称列表。
2025-04-09 22:54:53,647 - INFO - 查询 GDP 趋势图，国家：["Côte d'Ivoire", 'Emerging market and developing economies', 'Greece']，年份范围：1989-2022
2025-04-09 22:55:15,203 - INFO - 检测到中断信号，正在关闭服务...
2025-04-09 22:55:15,204 - INFO - [Server] Stopping server...
2025-04-09 22:55:15,204 - INFO - 服务已关闭。
2025-04-09 22:55:15,204 - INFO - 所有异步任务已取消。
2025-04-09 22:56:29,357 - INFO - [Server] Starting server...
2025-04-09 22:56:29,358 - INFO - 启动 Gradio 界面。
2025-04-09 22:56:29,358 - INFO - [Server] Preparing database...
2025-04-09 22:56:29,360 - INFO - [Server] Loading country map...
2025-04-09 22:56:29,365 - INFO - [Server] Querying data for all countries and regions using threads...
2025-04-09 22:56:29,397 - INFO - [Server] Saving cached data...
2025-04-09 22:56:29,398 - INFO - HTTP Request: GET https://api.gradio.app/gradio-messaging/en "HTTP/1.1 200 OK"
2025-04-09 22:56:29,398 - INFO - [Server] Loading cached data...
2025-04-09 22:56:29,401 - INFO - [Server] Server started successfully.
2025-04-09 22:56:29,453 - INFO - HTTP Request: GET http://127.0.0.1:7860/gradio_api/startup-events "HTTP/1.1 200 OK"
2025-04-09 22:56:29,465 - INFO - HTTP Request: HEAD http://127.0.0.1:7860/ "HTTP/1.1 200 OK"
2025-04-09 22:56:30,293 - INFO - HTTP Request: GET https://api.gradio.app/pkg-version "HTTP/1.1 200 OK"
2025-04-09 22:56:34,069 - INFO - 更新国家名称列表。
2025-04-09 22:57:45,672 - INFO - [Server] Starting server...
2025-04-09 22:57:45,672 - INFO - [Server] Preparing database...
2025-04-09 22:57:45,673 - INFO - 启动 Gradio 界面。
2025-04-09 22:57:45,673 - INFO - [Server] Loading country map...
2025-04-09 22:57:45,674 - INFO - [Server] Querying data for all countries and regions using threads...
2025-04-09 22:57:45,674 - INFO - [Server] Saving cached data...
2025-04-09 22:57:45,675 - INFO - [Server] Loading cached data...
2025-04-09 22:57:45,712 - INFO - [Server] Server started successfully.
2025-04-09 22:57:45,757 - INFO - HTTP Request: GET http://127.0.0.1:7860/gradio_api/startup-events "HTTP/1.1 200 OK"
2025-04-09 22:57:45,769 - INFO - HTTP Request: HEAD http://127.0.0.1:7860/ "HTTP/1.1 200 OK"
2025-04-09 22:57:46,700 - INFO - HTTP Request: GET https://api.gradio.app/pkg-version "HTTP/1.1 200 OK"
2025-04-09 22:57:49,268 - INFO - 更新国家名称列表。
2025-04-09 23:00:10,137 - INFO - 检测到中断信号，正在关闭服务...
2025-04-09 23:00:10,138 - INFO - [Server] Stopping server...
2025-04-09 23:00:10,138 - INFO - 服务已关闭。
2025-04-09 23:00:10,139 - INFO - 所有异步任务已取消。
2025-04-09 23:00:18,376 - INFO - [Server] Starting server...
2025-04-09 23:00:18,377 - INFO - 启动 Gradio 界面。
2025-04-09 23:00:18,377 - INFO - [Server] Preparing database...
2025-04-09 23:00:18,377 - INFO - [Server] Loading country map...
2025-04-09 23:00:18,379 - INFO - [Server] Querying data for all countries and regions using threads...
2025-04-09 23:00:18,380 - INFO - [Server] Saving cached data...
2025-04-09 23:00:18,408 - INFO - [Server] Loading cached data...
2025-04-09 23:00:18,417 - INFO - [Server] Server started successfully.
2025-04-09 23:00:18,463 - INFO - HTTP Request: GET http://127.0.0.1:7860/gradio_api/startup-events "HTTP/1.1 200 OK"
2025-04-09 23:00:18,498 - INFO - HTTP Request: HEAD http://127.0.0.1:7860/ "HTTP/1.1 200 OK"
2025-04-09 23:00:19,437 - INFO - HTTP Request: GET https://api.gradio.app/pkg-version "HTTP/1.1 200 OK"
2025-04-09 23:00:23,425 - INFO - 更新国家名称列表。
2025-04-09 23:01:34,904 - INFO - 检测到中断信号，正在关闭服务...
2025-04-09 23:01:34,904 - INFO - [Server] Stopping server...
2025-04-09 23:01:34,905 - INFO - 服务已关闭。
2025-04-09 23:01:34,905 - INFO - 所有异步任务已取消。
2025-04-09 23:07:26,773 - INFO - [Server] Starting server...
2025-04-09 23:07:26,773 - INFO - [Server] Preparing database...
2025-04-09 23:07:26,774 - INFO - 启动 Gradio 界面。
2025-04-09 23:07:26,774 - INFO - [Server] Loading country map...
2025-04-09 23:07:26,775 - INFO - [Server] Querying data for all countries and regions using threads...
2025-04-09 23:07:26,788 - INFO - [Server] Saving cached data...
2025-04-09 23:07:26,814 - INFO - [Server] Loading cached data...
2025-04-09 23:07:26,816 - INFO - [Server] Server started successfully.
2025-04-09 23:07:26,874 - INFO - HTTP Request: GET http://127.0.0.1:7860/gradio_api/startup-events "HTTP/1.1 200 OK"
2025-04-09 23:07:26,910 - INFO - HTTP Request: HEAD http://127.0.0.1:7860/ "HTTP/1.1 200 OK"
2025-04-09 23:07:27,920 - INFO - HTTP Request: GET https://api.gradio.app/pkg-version "HTTP/1.1 200 OK"
2025-04-09 23:07:32,680 - INFO - 检测到中断信号，正在关闭服务...
2025-04-09 23:07:32,680 - INFO - [Server] Stopping server...
2025-04-09 23:07:32,681 - INFO - 服务已关闭。
2025-04-09 23:07:32,681 - INFO - 所有异步任务已取消。
2025-04-09 23:11:18,458 - INFO - [Server] Starting server...
2025-04-09 23:11:18,459 - INFO - 启动 Gradio 界面。
2025-04-09 23:11:18,459 - INFO - [Server] Preparing database...
2025-04-09 23:11:18,459 - INFO - [Server] Loading country map...
2025-04-09 23:11:18,459 - INFO - [Server] Querying data for all countries and regions using threads...
2025-04-09 23:11:18,459 - ERROR - 运行过程中发生错误：'WebUI' object has no attribute 'interface'
Traceback (most recent call last):
  File "D:\Study_Work\Electronic_data\CS\AAAUniversity\sdxxsj\HW2\Main.py", line 21, in run
    await asyncio.gather(server_task, web_ui_task)
  File "D:\Python\lib\asyncio\threads.py", line 25, in to_thread
    return await loop.run_in_executor(None, func_call)
  File "D:\Python\lib\concurrent\futures\thread.py", line 58, in run
    result = self.fn(*self.args, **self.kwargs)
  File "D:\Study_Work\Electronic_data\CS\AAAUniversity\sdxxsj\HW2\WebUI.py", line 163, in launch
    self.interface.launch()
AttributeError: 'WebUI' object has no attribute 'interface'
2025-04-09 23:11:18,460 - INFO - [Server] Saving cached data...
2025-04-09 23:11:18,464 - INFO - 检测到中断信号，正在关闭服务...
2025-04-09 23:11:18,464 - INFO - [Server] Loading cached data...
2025-04-09 23:11:18,464 - INFO - [Server] Stopping server...
2025-04-09 23:11:18,466 - INFO - 服务已关闭。
2025-04-09 23:11:18,466 - INFO - [Server] Server started successfully.
2025-04-09 23:11:18,466 - INFO - 所有异步任务已取消。
2025-04-09 23:11:18,503 - INFO - HTTP Request: GET https://api.gradio.app/gradio-messaging/en "HTTP/1.1 200 OK"
2025-04-09 23:12:20,321 - INFO - [Server] Starting server...
2025-04-09 23:12:20,322 - INFO - 启动 Gradio 界面。
2025-04-09 23:12:20,322 - INFO - [Server] Preparing database...
2025-04-09 23:12:20,323 - INFO - [Server] Loading country map...
2025-04-09 23:12:20,323 - INFO - [Server] Querying data for all countries and regions using threads...
2025-04-09 23:12:20,324 - INFO - [Server] Saving cached data...
2025-04-09 23:12:20,332 - INFO - [Server] Loading cached data...
2025-04-09 23:12:20,362 - INFO - [Server] Server started successfully.
2025-04-09 23:12:20,417 - INFO - HTTP Request: GET http://127.0.0.1:7860/gradio_api/startup-events "HTTP/1.1 200 OK"
2025-04-09 23:12:20,454 - INFO - HTTP Request: HEAD http://127.0.0.1:7860/ "HTTP/1.1 200 OK"
2025-04-09 23:12:21,450 - INFO - HTTP Request: GET https://api.gradio.app/pkg-version "HTTP/1.1 200 OK"
2025-04-09 23:15:38,633 - INFO - 检测到中断信号，正在关闭服务...
2025-04-09 23:15:38,633 - INFO - [Server] Stopping server...
2025-04-09 23:15:38,634 - INFO - 服务已关闭。
2025-04-09 23:15:38,634 - INFO - 所有异步任务已取消。
2025-04-09 23:15:48,084 - INFO - [Server] Starting server...
2025-04-09 23:15:48,084 - INFO - 启动 Gradio 界面。
2025-04-09 23:15:48,084 - INFO - [Server] Preparing database...
2025-04-09 23:15:48,084 - INFO - [Server] Loading country map...
2025-04-09 23:15:48,087 - INFO - [Server] Querying data for all countries and regions using threads...
2025-04-09 23:15:48,088 - INFO - [Server] Saving cached data...
2025-04-09 23:15:48,114 - INFO - [Server] Loading cached data...
2025-04-09 23:15:48,125 - INFO - [Server] Server started successfully.
2025-04-09 23:15:48,169 - INFO - HTTP Request: GET http://127.0.0.1:7860/gradio_api/startup-events "HTTP/1.1 200 OK"
2025-04-09 23:15:48,182 - INFO - HTTP Request: HEAD http://127.0.0.1:7860/ "HTTP/1.1 200 OK"
2025-04-09 23:15:49,151 - INFO - HTTP Request: GET https://api.gradio.app/pkg-version "HTTP/1.1 200 OK"
2025-04-09 23:15:51,803 - INFO - 更新国家名称列表。
2025-04-09 23:17:11,093 - INFO - 检测到中断信号，正在关闭服务...
2025-04-09 23:17:11,094 - INFO - [Server] Stopping server...
2025-04-09 23:17:11,094 - INFO - 服务已关闭。
2025-04-09 23:17:11,095 - INFO - 所有异步任务已取消。
2025-04-09 23:17:17,538 - INFO - HTTP Request: GET https://api.gradio.app/gradio-messaging/en "HTTP/1.1 200 OK"
2025-04-09 23:17:17,600 - INFO - [Server] Starting server...
2025-04-09 23:17:17,600 - INFO - [Server] Preparing database...
2025-04-09 23:17:17,600 - INFO - 启动 Gradio 界面。
2025-04-09 23:17:17,600 - INFO - [Server] Loading country map...
2025-04-09 23:17:17,602 - INFO - [Server] Querying data for all countries and regions using threads...
2025-04-09 23:17:17,602 - INFO - [Server] Saving cached data...
2025-04-09 23:17:17,629 - INFO - [Server] Loading cached data...
2025-04-09 23:17:17,641 - INFO - [Server] Server started successfully.
2025-04-09 23:17:17,685 - INFO - HTTP Request: GET http://127.0.0.1:7860/gradio_api/startup-events "HTTP/1.1 200 OK"
2025-04-09 23:17:17,720 - INFO - HTTP Request: HEAD http://127.0.0.1:7860/ "HTTP/1.1 200 OK"
2025-04-09 23:17:18,494 - INFO - HTTP Request: GET https://api.gradio.app/pkg-version "HTTP/1.1 200 OK"
2025-04-09 23:17:23,437 - INFO - 更新国家名称列表。
2025-04-09 23:18:45,162 - INFO - 检测到中断信号，正在关闭服务...
2025-04-09 23:18:45,163 - INFO - [Server] Stopping server...
2025-04-09 23:18:45,164 - INFO - 服务已关闭。
2025-04-09 23:18:45,164 - INFO - 所有异步任务已取消。
